Wo, Wo, Wo, Wo, Wo, Ww, Ww, Ww, Ds, Ds, Gs^Fp, Gs^Fp, Gs^Fp, Hh, Hh^Fp, Hh^Fp, Hh^Fp, Hh^Fp, Hh^Fp, Hh^Fp, Hh, Hh, Gs
Wo, Wo, Wo, Wo, Wo, Wwr, Ww, Ww, Ds, Ds, Gll^Vht, Gs^Fp, Gs^Fp, Hh, Hh, Hh, Hh^Vc, Hh, Hh, Hh, Gs, Gs, Hh
Wo, Wo, Wo, Wo, Wwr, Wwr, Ww, Ww, Ds, Gs^Fp, Gs^Fp, Gs^Fp, Gs^Fp, Hh^Fp, Hh, Hh, Hh, Hh^Fp, Hh, Gs, Hh, Hh, Hh^Fp
Wo, Wo, Wwr, Wo, Ww, Ww, Ww, Ds, Ds, Gs^Fp, Gs^Fp, Gs^Fmw, Gs^Fp, Hh, Gs^Fp, Hh^Fp, Hh, Hh, Gs, Gs, Hh^Vc, Hh, Hh^Fp
Wo, Wo, Wwr, Ww, Ww, Ww, Ds, Ds, Gg, Gg, Gg, Gs^Fmw, Gs^Fmw, Gs^Fmw, Gs^Fmw, Gs^Fp, Gs, Gs, Hh, Hh, Hh, Hh^Fp, Hh^Fp
Wo, Wo, Ww, Ww, Ww, Ds, Ds, 2 Ds, Gs, Gs, Gg, Gg, Gs^Fp, Gs^Fmw, Gs^Fp, Gs^Fp, Gd, Hh, Hh, Hh^Fp, Hh, Hh^Fp, Hh^Fp
Wwr, Wwr, Ww, Ww, Ds, Ds, Gs, Gs, Gs^Es, Gs, Gs^Es, Gs, Gs^Fp, Gs^Fp, Gs^Fmw, Gs^Fmw, Gd, Hh^Fp, Gs^Fp, Hh^Fp, Hh, Hh^Vc, Hh^Fp
Ww, Ww, Ww, Ds, Ds, 1 Ds, Gs, Gs, Gs, Gs^Es, Chr, Khr, Gs^Es, Gs^Fp, Gd, Gd, Gs^Fmw, Gs^Fp, Gs^Fp, Hh, Hh, Gs^Fp, Hh^Fp
Ww, Ww, Ds, Ds, Gg, Gg, Gs, Gs, Gs^Es, Chr, Chr, Chr, Gs^Fp, Gs, Gs^Fp, Gs^Fp, Gs^Fmw, Gs^Fp, Gs^Fp, Hh^Fp, Gs^Fmw, Gs^Fp, Hh^Fp
Ds, Ww, Ds, Ds, Gg, Gs, Gg, Gs, Gs, Khr, Gs^Fp, Gs^Fp, Gs^Fp, Gs, Gs^Vht, Gs^Fp, Gs^Fp, Gs^Fmw, Gs^Fmw, Gs^Fmw, Gs^Fp, Gs^Fp, Hh^Fp
Ds, Ds, Gs^Fp, Gs^Fp, Gs^Fp, Gg, Gs^Fp, Gg, Gs^Fp, Gs^Fp, Gs^Fp, Gs^Fp, Gd, Gd, Gs^Fp, Gs^Fp, Gs^Fmw, Gs^Fmw, Hh^Fp, Gs^Fp, Hh, Hh^Fp, Hh^Fp
Gs^Fp, Gs^Fp, Gs^Fp, Gs^Fp, Gs^Fmw, Gs^Fp, Gs^Fp, Gs^Fp, Gs^Fp, Gs^Fp, Gs^Fp, Gs, Gs^Fp, Gs^Fp, Gs^Fp, Gs^Fmw, Gs^Fp, Gs^Fp, Hh, Gs^Fp, Hh^Fp, Hh, Hh
Gs^Fp, Gll^Vht, Gs^Fp, Gs^Fp, Gs^Fmw, Gs^Fp, Hh, Gs^Fp, Gs^Fmw, Gd^Fetd, Gs^Fp, Gs^Fp, Gs^Fp, Gs^Fp, Gs^Fp, Gs^Fp, Gs^Fp, Hh^Fp, Hh, Hh, Hh, Hh, Hh
Gs^Fp, Gs^Fp, Gs^Fmw, Gs, Gd, Gs, Hh^Vc, Hh, Gs^Fmw, Gs^Fp, Gs^Fmw, Gs^Fmw, Gs^Fp, Gs, Gs^Vht, Gs^Fp, Gs^Fmw, Hh^Fp, Gs^Fmw, Gs^Fmw, Hh, Hh^Fp, Hh
Gs^Fp, Gs^Fmw, Gs^Fmw, Gs^Fp, Gd, Hh, Hh, Hh^Fp, Gs^Fp, Gs^Fmw, Ss, Ss, Gs^Fp, Gd, Gd, Gs^Fp, Gs^Fmw, Gs^Fp, Gs^Fmw, Ss, Hh^Fp, Hh, Hh
Gs^Fp, Gs^Fp, Gs, Gs, Gs^Fmw, Gs^Fp, Gs^Fmw, Hh, Hh, Hh, Ss, Ss, Gs^Fp, Gs^Fmw, Gs^Fp, Gs, Gs^Fp, Ss, Gs^Fmw, Ss, Ss, Ss, Ss
Gs^Fp, Gs^Fmw, Gs^Fmw, Gs^Fmw, Gs^Fp, Ss, Hh, Hh^Fp, Hh, Ss, Ss^Vhs, Ss, Ss, Gs^Fmw, Ss, Gs^Fp, Rd, Ss, Gs^Fp, Gs^Fp, Ss^Vhs, Ss, Ss
Gs^Fp, Gs^Fmw, Gs^Fmw, Gs^Fp, Gs^Fp, Ss, Ss, Ss, Ss, Ss, Ss, Ss, Ss, Gs^Fp, Ss, Ss, Rd, Ss, Ss, Gs^Fp, Gs^Fp, Gs^Fp, Gs^Fmw
Hh, Gs^Fp, Gs^Fmw, Gs^Fp, Ss^Vhs, Ss, Ss, Rd, Rd, Rd, Ss, Rd, Rd, Ss, Rd, Ss, Ss, Rd, Ss, Rd, Rd, Gs^Fmw, Gs^Fmw
Hh, Gs^Fp, Gs^Fmw, Ss, Ss, Ss, Hh, Ss, Ss, Rd, Rd, Rd, Rd, Ss^Vhs, Rd, Ss, Ss, Ss, Rd, Rd, Rd, Gs^Fp, Gs^Fp
Hh^Fmw, Hh^Fmw, Hh, Ss, Hh, Hh, Ss, Ss, Rd, Rd, Ss, Rd, Rd, Rd, Rd, Rd, Rd, Ss, Ss, Cte, Rd, Rd, Rd
Hh, Hh^Fmw, Hh, Hh, Hh, Hh^Fmw, Hh, Ss, Ss, Ss, Ss, Ss, Ss, Rd, Ss, Rd, Ss, Rd, Ss, 3 Kte, Ss, Rd, Ss
Hh, Hh, Hh, Hh^Fmw, Hh, Hh, Hh, Hh, Ww, Ss, Ss, Ss, Ww, Ss, Ss, Ss, Ss, Ss, Ss, Ss, Ss, Ss, Ss
