Gs^Fp, Gs^Fp, Gs^Fmw, Gs^Fmw, Ss, Ss, Ss, Ww, Ww, Ww, Ss, Ss, Hh, Hh, Rd, Hhd, Hhd, Hhd, Mm, Mm, Mm, Mm, Mm, Mm, Mm, Mm, Mm, Mm, Mm
Gs^Fp, Gs^Fp, Gs^Vc, Gs^Fmw, Gs^Fmw, Ss, Ss, Ww, Ww, Ww, Ss, Hh, Co, 4 Ko, Co, Rd, Rd^Vo, Hhd, Mm, Mm, Hh, Mm, Hh^Vo, Mm, Hh, Mm, Mm, Mm, Mm
Gs^Fp, Gs^Fp, Gs^Fmw, Gs^Fmw, Ss, Ss, Ww, Ww, Ww, Ss, Hh, Hh, Co, Co, Co, Rd, Hhd, Hhd, Hh, Hh^Vo, Hh, Hh, Hh, Hh, Mm, Mm, Mm, Mm, Hh
Gd, Gd, Gs^Fmw, Gs^Fmw, Ss, Ss, Ss, Ww, Ww^Es, Ss, Ss, Hh, Hh, Mm, Mm, Rd, Rd, Hhd, Hhd, Hh, Hh, Hh, Hh, Mm, Mm, Mm, Hhd, Hh, Rd
Gs^Fmw, Gs^Fmw, Gs^Fmw, Gs^Fp, Ss, Ss, Ss, Ww, Ww^Es, Ww, Ss, Ss, Hh, Mm, Mm, Rd^Vo, Hhd, Rd, Rd, Rd, Rd, Hh, Hh, Mm, Mm, Mm, Hhd, Rd, Hh
Gs^Fp, Gs^Fmw, Gs^Fp, Gs^Tf, Gs^Fmw, Ss, Ss, Ww, Ww, Ww, Ww, Ss, Ss, Hh, Mm, Mm, Mm, Hhd, Hhd, Hhd, Hhd, Rd, Hh, Hh^Vo, Hhd, Mm, Rd, Rd, Hh
Gs^Fp, Gs^Fp, Gs, Gs^Vht, Gs^Fmw, Ss, Ss, Ss, Ss, Ww, Ww^Es, Ss, Ss, Hh, Hh, Hh, Hh, Mm, Hh^Vo, Hhd, Hh, Rd, Hh, Hh, Rd, Hhd, Hh, Hh, Hh
Gs^Fp, Gs, Gs^Fp, Gd, Gs^Fmw, Ss, Gs^Fmw, Ss, Ss, Ww, Ww, Ww, Ww, Ss, Ss, Ss, Ss, Hh, Hh, Hh, Hh, Rd, Rd, Hhd, Rd, Mm, Mm, Hh, Hh
Gs^Fp, Gs^Fp, Gs^Fp, Gd, Gs, Gs^Fmw, Gs^Fmw, Gs^Tf, Gs^Fmw, Ss, Ss, Ss, Ss, Ss, Ss, Rd, Rd, Ss, Ss, Hh, Hh, Hh, Rd, Hhd, Rd, Mm, Hh, Hh, Mm
Gs^Fmw, Gs^Fp, Gs^Fp, Gs, Gs^Fetd, Gs^Fmw, Gd, Gs^Fp, Gs^Fmw, Ss, Ss, Rd, Ss, Ss, Rd, Ss, Ss, Rd, Ss, Hh, Ww, Hh, Rd, Rd, Hh^Vo, Mm, Hh, Hh, Mm
Gs^Fmw, Gs^Fmw, Gs^Fp, Gs^Fmw, Gs^Fmw, Gs^Fp, Gs^Fp, Gs^Fmw, Gs^Fp, Ss, Ss, Rd, Rd, Rd, Rd, Ss, Ss, Rd, Ss, Ww, Ww, Hh, Rd, Hh, Hh, Hh, Hh, Mm, Mm
Gs^Fp, Gs^Fp, Gs^Fp, Gs^Fp, Gs^Fp, Gs, Gs, Gs^Fp, Gs, Gs^Vc, Gs^Fmw, Ss, Rd, Ss, Ss, Ss, Gs^Fmw, Ss, Gs^Fmw, Gs^Fp, Rd, Ww^Bw/, Ww, Ww, Hh, Hh, Hh, Mm, Mm
Gs^Fp, Gs^Fp, Gs, Gs, Gs, Gs, Gs^Fp, Gs, Gs, Gs^Fmw, Gs^Fmw, Gs^Fmw, Gs^Fmw, Gs^Fmw, Gs^Fmw, Gs^Fmw, Rd, Gs^Fmw, Rd, Rd, Gs, Ww, Ww, Hh, Hh, Hh, Mm, Mm, Md
Gs^Fp, Gs^Fp, 1 Ker, Cer, Gs, Gs^Fp, Gs^Vht, Gs^Fp, Gs^Fp, Gs^Fp, Gd, Gs^Fp, Gs, Gs^Vht, Rd, Rd, Gs^Fp, Rd, Gs^Fp, Gs, Ww, Ww, Ww, Hh, Hh, Mm, Mm, Mm, Mm
Rd, Gs^Fp, Cer, Cer, Gs, Gs, Rd, Gs, Gs, Gd, Rd, Rd, Rd, Rd, Gs, Gs, Ss, Ss^Bw|, Ss, Ww, Ss, Ss, Ss, Hh, Hh, Hh^Vo, Mm, Mm, Mm
Gs^Fp, Rd, Rd, Rd, Rd, Rd, Gd, Rd, Rd, Rd, Gs^Vc, Gs, Gs, Gs, Ss, Ss, Rd, Rd, Ss, Ss, Hh, Ss, Hh, Ss, Ss, Hh, Hh, Hh, Mm
Gs^Fp, Gs^Fp, 2 Ker, Cer, Gs, Gs, Gs^Fmw, Gd, Gs^Fp, Gs^Fmw, Gs^Fmw, Gs^Fp, Gs^Fetd, Gs^Fmw, Gs^Fmw, Ss, Ss, Rd, Rd, Hh, Hh, Hh, Mm, Hh, Ss, Hh, Hh, Hh, Mm
Gs^Fp, Gs^Fp, Cer, Cer, Gs, Gs^Fmw, Gs^Fmw, Gs^Fp, Gs^Fmw, Gs^Fmw, Rd, Gs^Fmw, Gs^Fp, Gs^Fmw, Ss, Ss, Hh, Hh, Hh, Rd, Hh, Mm, Hh^Vo, Hh, Hh, Hh, Mm, Mm, Mm
Gs^Fp, Gs^Fp, Gs^Fp, Gs, Gs^Fp, Gs^Vht, Gs^Fp, Gs^Fmw, Gd^Fmw, Gs^Fp, Rd, Gs^Fp, Ss, Ss, Ww, Ww, Hh, Hh^Vo, Hh, Rd, Rd, Hh, Rd, Hh, Hh, Hh, Hh, Mm, Mm
Gs^Fp, Gs^Fp, Gll^Fmw, Gs^Fp, Gd, Gs^Fp, Gs, Gs^Fp, Gs^Fmw, Gs^Fp, Rd, Rd, Ss, Ww, Hh, Hh, Hh, Hh, Hh, Hh, Hh, Rd, Hh, Rd, Rd, Hh, Hh, Hh^Vo, Hh
Gs^Fmw, Gs^Fmw, Gs^Fp, Gs^Fp, Gd, Gs^Fmw, Gs^Fmw, Gs^Fp, Gs^Fmw, Rd, Ss, Ss, Ww, Ww, Ww, Hh, Ww, Hh, Mm, Hh^Vo, Hh, Hh, Hh, Hh, Hh, Rd, Hh, Mm, Hh
Gs^Fmw, Gs^Fmw, Gs^Fp, Gs^Fp, Gs, Gd, Gs, Gs^Fmw, Gs^Em, Gs^Tf, Ss, Ss, Ww, Ww^Es, Ww, Ww, Hh, Hh, Mm, Mm, Hh, Hh, Hh, Hh, Hh, Rd, Hh, Hh, Hh
Gs^Fp, Gs^Fmw, Gs^Fp, Gs^Fp, Gs^Em, Gs^Fmw, Gs^Fp, Gs^Vc, Ss, Ss, Ss, Ww, Ss, Ww, Ss, Hh, Mm, Mm, Hh^Vo, Hh, Hh, Hh, Hh, Hh, Rd, Rd, Hhd, Hh, Hh
Gs^Fmw, Gs^Fmw, Gs^Fmw, Gs, Gs^Fp, Gs^Fmw, Gs^Tf, Ss, Gs^Fp, Ss, Rd^Vht, Ss, Rd, Ss, Hh, Hh, Mm, Mm, Hh, Hh, Mm, Hh, Hhd, Rd^Vo, Rd, Rd^Vo, Hhd, Hh, Mm
Gs^Fp, Gd^Fmw, Gs^Fmw, Gs, Gs^Fmw, Gs^Fmw, Gs^Fmw, Gs^Fmw, Rd, Rd, Rd, Rd, Ss, Ss, Ww, Hh, Hh, Hhd, Mm, Mm, Hhd, Hhd, Rd, Rd, Co, Rd, Hhd, Hhd, Mm
Gs^Fp, Gs^Fp, Gs^Fp, Gs^Fp, Gs^Fp, Gs^Fmw, Gs^Em, Gs^Fp, Gs^Fp, Ss, Ss, Ss, Ww, Ww, Hh, Hh, Hh, Hhd, Hh, Hh^Vo, Hhd, Rd, Co, Co, Co, Rd, Hhd, Mm, Mm
Gs^Fmw, Gs^Fp, Gs^Fp, Gs, Gd, Gd, Gs^Fp, Gs^Fmw, Gs^Tf, Gs^Fp, Ss, Ww, Ss, Ww, Ww, Hh, Ss, Hh, Mm, Hhd, Hhd, Rd, Rd, Co, Hh, 3 Ko, Mm, Mm, Mm
Gs^Fmw, Gs^Fmw, Gs^Fmw, Gs^Fp, Gs, Gs^Vc, Gs^Em, Gs^Fmw, Ss, Ss, Ss, Ss, Ss, Ww, Ss, Ss, Hh, Hh, Mm, Hhd, Hhd, Hhd, Rd, Hh, Hh, Mm, Mm, Mm, Mm
Gs^Fp, Gs^Fmw, Gs, Gs, Gs^Fp, Gs^Fp, Gs^Fp, Gs^Tf, Ss, Ww, Ww, Ss, Ss, Ss, Ww, Hh, Hh, Mm, Mm, Mm, Hhd, Hhd, Hhd, Rd, Hh, Hh, Mm, Mm, Mm
