Gs^Fp, Gs^Fp, Gs^Fp, Gs^Fp, Ww, Ww, Wo, Wo, Wo, Ww, Hh, Mm, Mm, Mm, Mm, Mm, Hh, Hh, Mm, Mm, Mm, Mm, Mm, Mm, Mm, Mm, Hh, Hh, Hh
Hh, Hh, Hh, Gs^Fp, Gs^Fp, Ww, Wo, Wo, Ww, Ww, Hh, Mm, Cte, 4 Kte, Cte, Mm, Hh, Hh, Mm, Mm, Mm, Hh, Mm, Mm, Hh, Mm, Hh, Hh, Hhd
Hh, Hh, Gs^Fp, Gs^Fp, Ww, Ww, Wo, Wo, Ww, Hh, Hh, Mm, Cte, Cte, Cte, Mm, Re^Vo, Hh, Hh, Hh^Vo, Mm, Hh, Hh, Hh, Hh^Vo, Mm, Hh, Hh, Gg
Gs^Fp, Hh, Gs^Fp, Gs^Fp, Ww, Wo, Wo, Wo, Ww, Ww, Ww, Hh, Hh, Cte, Rd^Es, Re^Es, Re, Hh, Hh, Hh, Mm, Hh, Hh, Hh, Gg, Hh, Hh, Gg, Rd
Gs^Fp, Gs^Fp, Gs^Fp, Gs^Fp, Ww, Wo, Wo, Wo, Wo, Ww, Ww, Ww, Hh, Re, Re^Vo, Rd^Es, Rd^Es, Re, Hh, Hh, Hh, Hh, Hh, Hh, Gg, Md, Rd, Rd, Gg
Hh, Hh, Hh, Gg, Gs^Fp, Ww, Ww, Wo, Wo, Wo, Wo, Ww, Ww, Hh, Hh, Re^Es, Hh, Rd, Hh, Gg^Vo, Hh, Hh, Hh, Gs, Rd, Md, Md, Gg, Md
Gll^Fp, Hh, Hh, Gg, Gs^Fp, Ww, Ww, Ww, Ww, Ww, Ww, Wo, Ww, Hh, Hh, Hh, Hh, Rd^Es, Rd, Gg, Gg, Hh, Hh, Gs, Rd, Md, Gs, Md, Md
Gll^Fp, Hh, Gs^Fp, Gs^Fp, Gs^Fp, Ww, Gg, Ww, Ww, Ww, Ww, Ww, Ww, Ww, Hh, Ss, Ss, Hh, Hh, Rd, Rd, Gg, Rd, Rd, Gs, Md, Hh, Hh, Md
Hh, Hh, Gs^Fp, Gs^Fp, Gs^Fp, Gs^Fp, Hh, Gg^Vo, Gg, Ww, Hh, Hh, Ss, Ww, Hh, Hh, Hh, Ss, Ss, Hh, Gg, Rd, Hh, Hh, Hh, Hh, Hh, Hh, Mm
Hh, Gs^Fp, Hh, Hh, Hh, Hh, Gg, Hh, Gs^Fp, Ss, Hh, Hh, Ss, Hh, Hh, Hh, Hh^Vo, Ss, Ss, Hh, Gg, Rd, Rd, Hh, Gs^Vo, Hh, Hh, Mm, Mm
Hh, Gs^Fp, Gs^Fp, Gs^Fp, Gs^Fp, Gg, Gs^Fp, Gs^Fp, Ss, Ss, Ss, Hh, Ss, Hh, Hh, Hh, Ss, Ss, Ss, Ss, Ss, Gg, Rd, Gs, Hh, Hh, Hh, Hh, Mm
Hh, Hh, Hh, Gs^Fp, Gg, Gg, Gg, Hh, Hh, Hh, Hh, Ss, Gg, Ss, Ss, Ss, Hh, Ss, Hh, Hh, Hh, Ss, Rd, Gg, Hh, Hh, Mm, Mm, Mm
Hh, Hh, Hh, Gg, Gg, Hh, Hh, Gg, Gg, Gg, Gg, Gg, Gd^Fp, Gg, Gg, Hh, Rd, Hh, Gs, Gs, Rd, Ss^Bw/r, Gg, Gg, Hh, Hh, Hh, Hh, Md
Hh, Hh, 1 Ker, Cer, Gg, Hh, Gg^Vo, Hh, Hh, Hh, Gd^Fp, Gd^Fp, Gg, Gg^Vo, Rd, Rd, Ss, Rd, Rd, Rd, Ss, Ss, Hh, Hh, Hh, Hh, Hh, Hh, Md
Gg, Gg, Cer, Cer, Rd, Gg, Gg, Hh, Gg, Gg, Gg, Gd^Fp, Rd, Rd, Ss, Ss, Ww, Ss, Ss, Ss, Ww, Ww, Ww, Hh, Hh, Hh^Vo, Md, Md, Md
Rd, Rd, Rd, Rd, Rd, Rd, Rd, Gg, Rd, Rd, Rd, Rd, Rd, Ss, Ww, Ss, Ww, Ww, Ss, Ss, Hh, Ww, Mm, Ww, Ww, Hh, Mm, Md, Md
Hh, Rd, 2 Ker, Cer, Gg, Gg, Gg, Rd, Gg, Gg, Hh, Gg, Gg, Rd, Rd, Ww, Ww, Ss, Hh, Hh, Hh, Hh, Hh, Mm, Ww, Mm, Hh, Hh^Vo, Md
Hh, Hh, Cer, Cer, Hh, Hh, Hh, Gd^Fp, Hh, Hh, Gg, Gd^Fp, Gd^Fp, Gg^Vo, Ww, Ww^Bw\r, Rd, Gd^Fp, Hh, Hh, Gd^Fmw, Gd^Fp, Gd^Fp, Mm, Mm, Mm, Mm, Hh, Hh
Hh, Hh, Hh, Hh, Hh, Gd^Fp, Gd^Fp, Gd^Fp, Gd^Fmw, Gg, Gd^Fp, Gd^Fp, Ss, Ww, Ss, Ss, Rd, Gd^Fp, Gd^Fp, Gd^Fmw, Hh, Gd^Fp, Gd^Fp, Gd^Fp, Hh, Mm, Mm, Hh, Hh
Gd^Fp, Gd^Fp, Gd^Fp, Hh, Gd^Fp, Gg^Vo, Gg, Gd^Fp, Hh, Gd^Fp, Hh, Ss, Ss, Ss, Gd^Fmw, Hh, Gg^Vo, Rd, Rd, Hh, Hh, Gd^Fmw, Gd^Fmw, Hh, Hh^Vo, Hh, Hh, Hh, Hh
Gd^Fp, Hh, Hh, Gd^Fp, Hh, Hh, Gg, Hh, Gd^Fp, Gd^Fp, Ss, Ss, Gd^Fmw, Gd^Fmw, Gd^Fp, Gd^Fp, Hh, Gg, Hh, Rd, Gd^Fp, Gd^Fmw, Hh, Hh, Hh, Hh, Hh, Hh, Hh
Gd^Fp, Hh, Gd^Fmw, Gd^Fmw, Gd^Fp, Gg, Hh, Hh, Gg, Gd^Fp, Ss, Gd^Fmw, Gd^Fp, Hh, Ss, Gd^Fp, Hh, Hh, Rd, Rd, Gg, Hh, Hh, Hh, Gd^Fp, Gd^Fp, Hh, Hh, Gd^Fp
Gd^Fp, Gd^Fmw, Gd^Fp, Gd^Fp, Gd^Fp, Gg, Gg, Gg, Ss, Ss, Ss, Gd^Fp, Gd^Fp, Hh, Gd^Fp, Hh, Hh, Rd^Vo, Rd, Gg, Gg, Hh, Hh, Gd^Fp, Gd^Fp, Hh, Gd^Fmw, Gd^Fp, Gd^Fp
Gd^Fmw, Gd^Fmw, Hh, Gd^Fp, Gd^Fp, Hh, Hh, Ss, Gg, Ss, Hh, Gd^Fp, Hh, Hh, Gd^Fp, Hh, Hh, Hh, Rd, Rd, Rd^Es, Rd, Re^Vo, Hh, Hh, Gd^Fmw, Gd^Fmw, Gd^Fmw, Gd^Fp
Gd^Fmw, Gd^Fp, Hh, Gd^Vo, Hh, Hh, Gd^Fmw, Gd^Fmw, Gg, Hh, Hh, Hh, Ss, Gd^Fp, Hh, Hh, Gd^Fp, Hh, Hh, Re^Es, Re^Es, Rd^Es, Rd, Re, Co, Gd^Fp, Gd^Fp, Gd^Fmw, Gd^Fp
Hh, Gd^Fmw, Gd^Fp, Gd^Fp, Gd^Fp, Gd^Fmw, Hh, Gd^Fp, Gs, Ss, Ss, Ss, Hh, Hh, Hh, Hh, Hh, Hh, Hh, Re, Hh, Re^Es, Co, Co, Co, Gd^Fp, Gd^Fmw, Gd^Fmw, Gd^Fp
Gd^Fp, Gd^Fmw, Gd^Fp, Gd^Fp, Hh, Hh, Gd^Fp, Gg^Vo, Hh, Hh, Ss, Hh, Ss, Hh^Vo, Hh, Hh, Ss, Hh^Vo, Hh, Hh, Hh, Re, Hh, Co, Re^Es, 3 Ko, Re, Gd^Fp, Gd^Fp
Hh, Gd^Fp, Gd^Fp, Gd^Fp, Hh, Gd^Fp, Gd^Fp, Gd^Fp, Ss, Ss, Ss, Ss, Ss, Hh, Ss, Ss, Hh, Hh, Hh, Hh, Hh, Re^Vo, Hh, Hh, Re, Re, Hh, Gd^Fp, Gd^Fp
Hh, Hh, Hh, Hh, Hh, Gd^Fp, Hh, Hh, Ss, Hh, Hh, Ss, Hh, Ss, Ss, Hh, Hh^Fp, Ss, Hh, Hh, Hh, Hh, Hh, Hh, Hh, Hh, Hh, Hh, Hh
