_f, _f, _f, _f, _f, _f, _f, _f, _f, _f, _f, _f, _f, _f, _f, _f, _f, _f, Xos, Xos, Xos, _f, _f, _f, _f, _f, _f, _f, _f, _f
_f, _f, _f, _f, _f, _f, _f, _f, _f, _f, _f, _f, _f, _f, _f, _f, Xos, Xos, Rr, Xos, Rr, Xos, Xos, _f, _f, _f, _f, _f, _f, _f
_f, _f, _f, _f, _f, _f, _f, _f, _f, _f, _f, _f, _f, _f, Xos, Xos, Rr, Rr, Rr, Xos, Rr, Rr, Rr, Xos, Xos, _f, _f, _f, _f, _f
_f, _f, _f, _f, _f, _f, _f, _f, _f, _f, _f, _f, Xos, Xos, Xos, Rr^Eb, Xos, Rr, Rr, Xos, Rr, Rr, Rr, Rr^Vov, Rr, Xos, Xos, _f, _f, _f
_f, _f, _f, _f, _f, _f, _f, _f, _f, _f, Xos, Xos, Iwc^Ii, Xos, Iwc^Ii, Xos, Xos, Rr, Rr, Xos, Xos, Xos, Rr, Rr, Rr, Rr, Rr, Xos, Xos, _f
_f, _f, _f, _f, _f, _f, _f, _f, _f, _f, Xos, Iwc^Ii, Iwc^Ii, Iwc^Ii, Iwc^Ii, Iwc^Ii, Xos, Rr, Rr, Xos, Rr, Rr, Rr, Xos, Xos, Rr, Xos, Xos, Xos, _f
_f, _f, _f, _f, _f, _f, _f, _f, _f, _f, Xos, Xos, Iwc^Ii, 3 Iwc^Ii, Iwc^Ii, Iwc^Ii, Xos, Rr, Rr, Xos, Rr, Xos, Xos, Rr, Rr, Xos, Rr, Rr^Vov, Xos, _f
_f, _f, _f, _f, _f, _f, _f, _f, _f, _f, Xos, Iwc^Ii, Iwc^Ii, Iwc^Ii, Iwc^Ii, Iwc^Ii, Xos, Rr, Rr, Xos, Rr, Rr, Xos, Xos, Rr, Rr, Rr, Rr, Xos, _f
_f, _f, _f, _f, _f, _f, _f, _f, _f, _f, Xos, Xos, Xos, Xos, Xos, Xos, Rr, Rr, Rr^Vov, Xos, Xos, Xos, Rr, Rr, Rr, Rr, Rr, Rr, Xos, _f
_f, _f, _f, _f, _f, _f, _f, _f, _f, _f, Xos, Rr, Xos, Xos, Rr, Rr, Rr, Rr, Xos, Xos, Rr, Rr, Rr, Rr, Xos, Xos, Rr, Rr, Xos, _f
_f, _f, _f, _f, _f, _f, _f, _f, _f, _f, Xos, Rr, Rr, Rr, Rr, Rr, Xos, Xos, Rr, Rr, Rr^Vov, Rr, Xos, Xos, Rr, Xos, Rr, Rr, Xos, _f
_f, _f, _f, _f, _f, _f, _f, _f, _f, _f, Xos, Rr, Rr, Rr, Xos, Xos, Rr, Rr, Rr, Rr, Xos, Xos, Xos, Rr, Rr, Xos, Rr, Rr, Xos, _f
_f, _f, _f, _f, _f, _f, _f, _f, _f, _f, Xos, Rr, Xos, Rr, Rr, Rr, Rr, Rr, Xos, Xos, Rr, Xos, Rr, Rr, Xos, Xos, Rr, Rr, Xos, _f
_f, _f, _f, _f, _f, _f, _f, _f, _f, _f, Xos, Xos, Rr, Rr, Rr, Rr, Rr, Xos, Rr, Rr, Rr, Rr, Xos, Xos, Rr, Rr, Rr, Rr, Xos, _f
_f, _f, _f, _f, _f, _f, _f, _f, Xos, Xos, Rr, Xos, Xos, Rr, Xos, Xos, Rr, Rr, Rr, Xos, Xos, Xos, Rr, Rr, Rr, Rr, Xos, Xos, _f, _f
_f, _f, _f, _f, _f, _f, Xos, Xos, Rr, Rr, Xos, Rr, Rr, Xos, Xos, Rr^Vov, Rr, Rr, Xos, Xos, Rr, Rr, Rr, Rr, Xos, Xos, _f, _f, _f, _f
_f, _f, _f, _f, Xos, Xos, Rr, Rr, Xos, Xos, Rr, Rr^Vov, Rr, Rr, Rr, Xos, Xos, Xos, Rr, Rr^Vov, Rr, Rr, Xos, Xos, _f, _f, _f, _f, _f, _f
_f, _f, Xos, Xos, Rr^Vov, Xos, Xos, Xos, Rr, Rr, Rr, Rr, Xos, Xos, Rr, Rr, Rr, Xos, Rr, Rr, Xos, Xos, _f, _f, _f, _f, _f, _f, _f, _f
_f, Xos, Xos, Rr, Rr, Rr, Rr, Xos, Rr, Rr, Xos, Xos, Rr, Rr, Rr, Rr, Xos, Rr, Rr, Xos, _f, _f, _f, _f, _f, _f, _f, _f, _f, _f
_f, Xos, Rr, Xos, Xos, Rr, Rr, Rr, Rr, Xos, Xos, Rr, Rr, Rr, Xos, Xos, Rr, Rr, Rr, Xos, _f, _f, _f, _f, _f, _f, _f, _f, _f, _f
_f, Xos, Rr, Rr, Rr, Rr, Xos, Rr, Rr, Rr, Rr, Xos, Xos, Xos, Rr, Xos, Rr, Rr, Rr^Vov, Xos, _f, _f, _f, _f, _f, _f, _f, _f, _f, _f
_f, Xos, Rr, Rr, Xos, Xos, Rr, Xos, Xos, Rr, Rr, Rr, Rr^Vov, Rr, Rr, Xos, Rr, Rr, Rr, Xos, _f, _f, _f, _f, _f, _f, _f, _f, _f, _f
_f, Xos, Xos, Rr, Rr, Rr, Rr, Rr, Xos, Xos, Rr, Rr, Rr, Rr, Rr, Xos, Xos, Rr, Rr, Xos, _f, _f, _f, _f, _f, _f, _f, _f, _f, _f
_f, Xos, Rr, Rr, Rr, Rr, Xos, Xos, Rr, Rr, Rr, Rr, Xos, Rr, Rr, Rr, Rr, Xos, Xos, Xos, _f, _f, _f, _f, _f, _f, _f, _f, _f, _f
_f, Xos, Rr, Rr, Xos, Xos, Rr, Rr, Rr, Rr, Rr, Rr, Rr, Xos, Xos, Rr, Rr, Rr, Xos, Xos, _f, _f, _f, _f, _f, _f, _f, _f, _f, _f
_f, Xos, Xos, Xos, Rr, Rr, Rr, Rr, Rr, Xos, Xos, Rr, Rr, Rr, Rr, Xos, Xos, Xos, Rr^Vov, Xos, _f, _f, _f, _f, _f, _f, _f, _f, _f, _f
_f, Xos, Rr^Vov, Rr, Rr, Rr, Xos, Rr, Rr, Rr, Rr^Vov, Xos, Xos, Rr, Xos, Xos, Rr, Rr, Rr, Xos, _f, _f, _f, _f, _f, _f, _f, _f, _f, _f
_f, Xos, Xos, Rr, Rr, Rr, Rr, Xos, Xos, Rr, Rr, Rr, Xos, Xos, Rr, Rr, Rr, Rr, Xos, Xos, Xos, _f, _f, _f, _f, _f, _f, _f, _f, _f
_f, _f, _f, Xos, Xos, Rr, Rr, Rr, Rr, Xos, Xos, Xos, Rr, Rr, Rr, Rr, Xos, Rr, Rr, Rr, Rr, Xos, Xos, _f, _f, _f, _f, _f, _f, _f
_f, _f, _f, _f, _f, Xos, Xos, Rr, Rr, Rr, Rr, Rr, Rr, Rr, Xos, Xos, Rr, Rr, Rr, Rr, Xos, Xos, Xos, Xos, Xos, _f, _f, _f, _f, _f
_f, _f, _f, _f, _f, _f, _f, Xos, Xos, Rr, Rr, Rr, Xos, Xos, Rr^Vov, Xos, Xos, Rr, Xos, Rr, Rr, Xos, Rr, Rr, Rr, Xos, Xos, _f, _f, _f
_f, _f, _f, _f, _f, _f, _f, _f, _f, Xos, Xos, Xos, Rr, Rr, Rr, Rr, Xos, Xos, Xos, Xos, Rr, Rr, Rr, Rr, Xos, Xos, Rr, Xos, Xos, _f
_f, _f, _f, _f, _f, _f, _f, _f, _f, _f, Xos, Rr, Rr, Rr, Rr, Xos, Xos, Xos, Rr, Rr, Rr, Rr, Xos, Rr, Rr, Rr, Rr, Rr, Xos, _f
_f, _f, _f, _f, _f, _f, _f, _f, _f, _f, Xos, Rr, Rr, Xos, Xos, Rr, Rr, Rr, Rr, Rr, Xos, Xos, Rr, Rr, Rr, Rr^Vov, Rr, Rr, Xos, _f
_f, _f, _f, _f, _f, _f, _f, _f, _f, _f, Xos, Rr, Xos, Xos, Rr, Rr, Rr, Rr, Rr, Rr, Rr, Xos, Xos, Rr, Rr, Rr, Rr, Rr, Xos, _f
_f, _f, _f, _f, _f, _f, _f, _f, _f, _f, Xos, Xos, Rr, Rr, Rr, Rr, Rr, Xos, Xos, Rr, Rr, Rr^Vov, Rr, Xos, Xos, Rr, Rr, Xos, Xos, _f
_f, _f, _f, _f, _f, _f, _f, _f, _f, _f, Xos, Rr, Rr, Rr, Xos, Rr, Rr, Rr, Rr^Vov, Xos, Xos, Rr, Rr, Rr, Xos, Xos, Rr, Rr, Xos, _f
_f, _f, _f, _f, _f, _f, _f, _f, _f, _f, Xos, Rr, Rr, Rr, Rr, Xos, Xos, Rr, Rr, Rr, Rr, Xos, Xos, Xos, Rr, Rr, Rr, Rr, Xos, _f
_f, _f, _f, _f, _f, _f, _f, _f, _f, _f, Xos, Xos, Xos, Rr, Rr, Rr, Rr, Xos, Xos, Rr, Xos, Xos, Rr^Vov, Rr, Rr, Rr, Xos, Xos, Xos, _f
_f, _f, _f, _f, _f, _f, _f, _f, _f, _f, Xos, Rr^Vov, Rr, Xos, Rr, Rr, Rr, Rr, Rr, Xos, Rr, Rr, Rr, Rr, Rr, Xos, Rr, Rr, Xos, _f
_f, _f, _f, _f, _f, _f, _f, _f, _f, _f, Xos, Rr, Rr, Rr, Rr, Xos, Xos, Rr, Rr, Rr, Rr, Rr, Xos, Xos, Rr, Rr, Rr, Rr, Xos, _f
_f, _f, _f, _f, _f, _f, _f, _f, _f, _f, _f, Xos, Xos, Rr, Rr, Rr, Rr, Xos, Rr, Rr, Rr, Xos, Rr, Rr, Rr, Rr, Xos, Xos, _f, _f
_f, _f, _f, _f, _f, _f, _f, _f, _f, _f, _f, _f, _f, Xos, Xos, Rr, Rr, Xos, Iwr^Cov, Rr, Iwr^Cov, Xos, Rr, Rr, Xos, Xos, _f, _f, _f, _f
_f, _f, _f, _f, _f, _f, _f, _f, _f, _f, _f, _f, _f, _f, _f, Xos, Xos, Xos, 1 Iwc^Kov, Iwr^Cov, 2 Iwc^Kov, Xos, Xos, Xos, _f, _f, _f, _f, _f, _f
_f, _f, _f, _f, _f, _f, _f, _f, _f, _f, _f, _f, _f, _f, _f, _f, _f, Xos, Xos, Iwr^Cov, Xos, Xos, _f, _f, _f, _f, _f, _f, _f, _f
_f, _f, _f, _f, _f, _f, _f, _f, _f, _f, _f, _f, _f, _f, _f, _f, _f, _f, _f, Rr^Ii, _f, _f, _f, _f, _f, _f, _f, _f, _f, _f
